     1                                  ; NAME: Hayden Amazon
     2                                  ; Assignment: P2 Adding Integers
     3                                  ; Date: 9/22/23
     4                                  ; Etc...How are you today?
     5                                  
     6                                  SECTION .data
     7                                  ; define data/variables here.  Think DB, DW, DD, DQ
     8                                  
     9                                  SECTION .bss
    10                                  ; define uninitialized data here
    11                                  
    12                                  SECTION .text
    13                                  global _main
    14                                  _main:
    15                                  
    16                                  ; put your code here.
    17                                  
    18                                  
    19 00000000 66B8BACD                mov AX,0CDBAh
    20 00000004 66BBABCD                mov BX,0CDABh
    21 00000008 6601D8                  add AX, BX
    22                                  
    23 0000000B 66B8CDAB                mov AX,0ABCDh
    24 0000000F 66BBCDAB                mov BX,0ABCDh
    25 00000013 6601D8                  add AX, BX
    26                                  
    27 00000016 66B8FAFA                mov AX,0FAFAh
    28 0000001A 66BB0505                mov BX,00505h
    29 0000001E 6601D8                  add AX, BX
    30                                  
    31 00000021 66B8F0F0                mov AX,0F0F0h
    32 00000025 66BB00FF                mov BX,0FF00h
    33 00000029 6601D8                  add AX, BX
    34                                  
    35 0000002C 66B868D4                mov AX,0D468h
    36 00000030 66BB982B                mov BX,02B98h
    37 00000034 6601D8                  add AX, BX
    38                                  
    39 00000037 66B80F70                mov AX,0700Fh
    40 0000003B 66BBF10F                mov BX,00FF1h
    41 0000003F 6601D8                  add AX, BX
    42                                  
    43 00000042 66B83412                mov AX,01234h
    44 00000046 66BB5476                mov BX,07654h
    45 0000004A 6601D8                  add AX, BX
    46                                  
    47 0000004D 66B80B0B                mov AX,00B0Bh
    48 00000051 66BB1EA1                mov BX,0A11Eh
    49 00000055 6601D8                  add AX, BX
    50                                  
    51 00000058 66B85476                mov AX,07654h
    52 0000005C 66BB9A78                mov BX,0789Ah
    53 00000060 6601D8                  add AX, BX
    54                                  
    55 00000063 66B80080                mov AX,08000h
    56 00000067 66BB0080                mov BX,08000h
    57 0000006B 6601D8                  add AX, BX
    58                                  
    59                                  
    60                                  		
    61                                  		
    62                                  		
    63                                  		
    64                                  		
    65                                  		
    66                                  		
    67                                  		
    68                                  
    69                                  
    70                                  
    71                                  
    72                                  ; Normal termination code
    73 0000006E B801000000              mov eax, 1
    74 00000073 BB00000000              mov ebx, 0
    75 00000078 CD80                    int 80h
